// Jest Snapshot v1, https://goo.gl/fbAQLP

exports[`SubmissionConfirmation renders correctly 1`] = `null`;
