// Jest Snapshot v1, https://goo.gl/fbAQLP

exports[`SubmissionRecord renders correctly 1`] = `null`;
