// Jest Snapshot v1, https://goo.gl/fbAQLP

exports[`SubmissionForm renders correctly 1`] = `null`;
